{
    "input": {
        "content": [
            "Samplesheet_novaseq.tsv:md5,bcca78fe24736f4ee4ea26fdbd47ee64"
        ],
        "timestamp": "2023-06-20T00:10:02+0000"
    },
    "software_versions": {
        "content": [
            "{CUSTOM_DUMPSOFTWAREVERSIONS={python=3.11.0, yaml=6.0}, DADA2_DENOISING={R=4.3.1, dada2=1.28.0}, DADA2_FILTNTRIM={R=4.3.1, dada2=1.28.0}, DADA2_QUALITY1={R=4.1.1, ShortRead=1.52.0, dada2=1.28.0}, FASTQC={fastqc=0.12.1}, FILTER_CODONS={pandas=1.1.5, python=3.9.1}, RENAME_RAW_DATA_FILES={sed=4.7}, TRUNCLEN={pandas=1.1.5, python=3.9.1}, Workflow={nf-core/ampliseq=2.7.0dev}}"
        ],
        "timestamp": "2023-06-20T00:10:02+0000"
    },
    "dada2": {
        "content": [
            "ASV_seqs.fasta:md5,60c7cc4669df672109fce853dfa874fd",
            "ASV_table.tsv:md5,db74c8b5abf372fdaed19d0bf23c91c8",
            "DADA2_stats.tsv:md5,5f82ca12036dae5da84a93b6fce96c36",
            "DADA2_table.rds:md5,e7cc351e115cccdeabd0d0e9e7d9045a",
            "DADA2_table.tsv:md5,fba33455974dd6c07ce54a72f7147425"
        ],
        "timestamp": "2023-06-20T00:10:02+0000"
    },
    "multiqc": {
        "content": [
            "multiqc_fastqc.txt:md5,ac8744f9d5d4dc51957a719183074c2f",
            "multiqc_general_stats.txt:md5,c4d6a79d9c271a72c2f6a7ef66fe39c6"
        ],
        "timestamp": "2023-06-20T00:10:02+0000"
    }
}
