{
    "input": {
        "content": [
            "Samplesheet.tsv:md5,dbf8d1a2b7933dab9e5a139f33c2b1f4"
        ],
        "timestamp": "2023-08-16T20:35:33+0000"
    },
    "cutadapt": {
        "content": [
            "cutadapt_summary.tsv:md5,cde6a72b1f0daccb7b69727834fbb9e5"
        ],
        "timestamp": "2023-08-16T20:35:33+0000"
    },
    "overall_summary_tsv": {
        "content": [
            "overall_summary.tsv:md5,9c37a0292537273537640cdb0dd8fba5"
        ],
        "timestamp": "2023-08-16T20:35:33+0000"
    },
    "dada2": {
        "content": [
            "ASV_seqs.fasta:md5,d452ff8b8a306b52ffc6db7e4396c6db",
            "ASV_table.tsv:md5,06b93679e1f67a8707d2cc7edf345340",
            "ref_taxonomy.rdp_18.txt:md5,815c4fce9f3d1de019fb995a43fb66ed",
            "DADA2_stats.tsv:md5,d4802595db56db3ae706f1650a774e5c",
            "DADA2_table.rds:md5,a8e68947cb81f49a36d243619fe5e2f0",
            "DADA2_table.tsv:md5,27c340a79b092d8ebea347f9d9324996"
        ],
        "timestamp": "2023-08-16T20:35:33+0000"
    },
    "barrnap": {
        "content": [
            "rrna.arc.gff:md5,7ba69096ac8690260dcb2139ba2d9d82",
            "rrna.bac.gff:md5,15c5fa3b75684c42d60174b77fa87a09",
            "rrna.euk.gff:md5,1978664ae39a761f9082ae605c026182",
            "rrna.mito.gff:md5,df19e1b84ba6f691d20c72b397c88abf"
        ],
        "timestamp": "2023-05-28T20:35:33+0000"
    },
    "multiqc": {
        "content": [
            "multiqc_fastqc.txt:md5,ede83a16cac9730e6b961ed051c1de0e",
            "multiqc_general_stats.txt:md5,d22c32eed33d046503751b23670db5e4",
            "multiqc_cutadapt.txt:md5,4311a83074d94040405937e02773c5a9"
        ],
        "timestamp": "2023-08-16T20:35:33+0000"
    }
}
